d:\development\projects_&_doc\population_dynamics_sim\simproject\simproject\x64\u_imgui_wrappers_disabled\vc143.pdb
d:\development\projects_&_doc\population_dynamics_sim\simproject\simproject\x64\u_imgui_wrappers_disabled\vc143.idb
d:\development\projects_&_doc\population_dynamics_sim\simproject\simproject\x64\u_imgui_wrappers_disabled\u_sdl.obj
d:\development\projects_&_doc\population_dynamics_sim\simproject\simproject\x64\u_imgui_wrappers_disabled\u_implot.obj
d:\development\projects_&_doc\population_dynamics_sim\simproject\simproject\x64\u_imgui_wrappers_disabled\u_imgui.obj
d:\development\projects_&_doc\population_dynamics_sim\simproject\simproject\x64\u_imgui_wrappers_disabled\timer_manager.obj
d:\development\projects_&_doc\population_dynamics_sim\simproject\simproject\x64\u_imgui_wrappers_disabled\main.obj
d:\development\projects_&_doc\population_dynamics_sim\simproject\simproject\x64\u_imgui_wrappers_disabled\implot_items.obj
d:\development\projects_&_doc\population_dynamics_sim\simproject\simproject\x64\u_imgui_wrappers_disabled\implot_demo.obj
d:\development\projects_&_doc\population_dynamics_sim\simproject\simproject\x64\u_imgui_wrappers_disabled\implot.obj
d:\development\projects_&_doc\population_dynamics_sim\simproject\simproject\x64\u_imgui_wrappers_disabled\imgui_widgets.obj
d:\development\projects_&_doc\population_dynamics_sim\simproject\simproject\x64\u_imgui_wrappers_disabled\imgui_tables.obj
d:\development\projects_&_doc\population_dynamics_sim\simproject\simproject\x64\u_imgui_wrappers_disabled\imgui_draw.obj
d:\development\projects_&_doc\population_dynamics_sim\simproject\simproject\x64\u_imgui_wrappers_disabled\imgui_demo.obj
d:\development\projects_&_doc\population_dynamics_sim\simproject\simproject\x64\u_imgui_wrappers_disabled\imgui.obj
d:\development\projects_&_doc\population_dynamics_sim\simproject\simproject\x64\u_imgui_wrappers_disabled\imgui_impl_win32.obj
d:\development\projects_&_doc\population_dynamics_sim\simproject\simproject\x64\u_imgui_wrappers_disabled\imgui_impl_sdlrenderer3.obj
d:\development\projects_&_doc\population_dynamics_sim\simproject\simproject\x64\u_imgui_wrappers_disabled\imgui_impl_sdl3.obj
d:\development\projects_&_doc\population_dynamics_sim\simproject\x64\u_imgui_wrappers_disabled\simproject.exe
d:\development\projects_&_doc\population_dynamics_sim\simproject\x64\u_imgui_wrappers_disabled\simproject.pdb
d:\development\projects_&_doc\population_dynamics_sim\simproject\simproject\x64\u_imgui_wrappers_disabled\simproject.ilk
d:\development\projects_&_doc\population_dynamics_sim\simproject\simproject\x64\u_imgui_wrappers_disabled\simproject.tlog\cl.command.1.tlog
d:\development\projects_&_doc\population_dynamics_sim\simproject\simproject\x64\u_imgui_wrappers_disabled\simproject.tlog\cl.items.tlog
d:\development\projects_&_doc\population_dynamics_sim\simproject\simproject\x64\u_imgui_wrappers_disabled\simproject.tlog\cl.read.1.tlog
d:\development\projects_&_doc\population_dynamics_sim\simproject\simproject\x64\u_imgui_wrappers_disabled\simproject.tlog\cl.write.1.tlog
d:\development\projects_&_doc\population_dynamics_sim\simproject\simproject\x64\u_imgui_wrappers_disabled\simproject.tlog\link.command.1.tlog
d:\development\projects_&_doc\population_dynamics_sim\simproject\simproject\x64\u_imgui_wrappers_disabled\simproject.tlog\link.read.1.tlog
d:\development\projects_&_doc\population_dynamics_sim\simproject\simproject\x64\u_imgui_wrappers_disabled\simproject.tlog\link.secondary.1.tlog
d:\development\projects_&_doc\population_dynamics_sim\simproject\simproject\x64\u_imgui_wrappers_disabled\simproject.tlog\link.write.1.tlog
