d:\development\projects_&_doc\population_dynamics_sim\simproject\simproject\x64\scrolling_buffer\vc143.pdb
d:\development\projects_&_doc\population_dynamics_sim\simproject\simproject\x64\scrolling_buffer\vc143.idb
d:\development\projects_&_doc\population_dynamics_sim\simproject\simproject\x64\scrolling_buffer\u_sdl.obj
d:\development\projects_&_doc\population_dynamics_sim\simproject\simproject\x64\scrolling_buffer\u_imgui.obj
d:\development\projects_&_doc\population_dynamics_sim\simproject\simproject\x64\scrolling_buffer\timer_manager.obj
d:\development\projects_&_doc\population_dynamics_sim\simproject\simproject\x64\scrolling_buffer\main.obj
d:\development\projects_&_doc\population_dynamics_sim\simproject\simproject\x64\scrolling_buffer\implot_items.obj
d:\development\projects_&_doc\population_dynamics_sim\simproject\simproject\x64\scrolling_buffer\implot_demo.obj
d:\development\projects_&_doc\population_dynamics_sim\simproject\simproject\x64\scrolling_buffer\implot.obj
d:\development\projects_&_doc\population_dynamics_sim\simproject\simproject\x64\scrolling_buffer\imgui_widgets.obj
d:\development\projects_&_doc\population_dynamics_sim\simproject\simproject\x64\scrolling_buffer\imgui_tables.obj
d:\development\projects_&_doc\population_dynamics_sim\simproject\simproject\x64\scrolling_buffer\imgui_draw.obj
d:\development\projects_&_doc\population_dynamics_sim\simproject\simproject\x64\scrolling_buffer\imgui_demo.obj
d:\development\projects_&_doc\population_dynamics_sim\simproject\simproject\x64\scrolling_buffer\imgui.obj
d:\development\projects_&_doc\population_dynamics_sim\simproject\simproject\x64\scrolling_buffer\imgui_impl_win32.obj
d:\development\projects_&_doc\population_dynamics_sim\simproject\simproject\x64\scrolling_buffer\imgui_impl_sdlrenderer3.obj
d:\development\projects_&_doc\population_dynamics_sim\simproject\simproject\x64\scrolling_buffer\imgui_impl_sdl3.obj
d:\development\projects_&_doc\population_dynamics_sim\simproject\simproject\x64\scrolling_buffer\simproject.tlog\cl.command.1.tlog
d:\development\projects_&_doc\population_dynamics_sim\simproject\simproject\x64\scrolling_buffer\simproject.tlog\cl.read.1.tlog
d:\development\projects_&_doc\population_dynamics_sim\simproject\simproject\x64\scrolling_buffer\simproject.tlog\cl.write.1.tlog
