d:\development\projects_&_doc\population_dynamics_sim\simproject\simproject\x64\debug\vc143.pdb
d:\development\projects_&_doc\population_dynamics_sim\simproject\simproject\x64\debug\vc143.idb
d:\development\projects_&_doc\population_dynamics_sim\simproject\simproject\x64\debug\u_sdl.obj
d:\development\projects_&_doc\population_dynamics_sim\simproject\simproject\x64\debug\u_implot.obj
d:\development\projects_&_doc\population_dynamics_sim\simproject\simproject\x64\debug\u_imgui.obj
d:\development\projects_&_doc\population_dynamics_sim\simproject\simproject\x64\debug\timer_manager.obj
d:\development\projects_&_doc\population_dynamics_sim\simproject\simproject\x64\debug\main.obj
d:\development\projects_&_doc\population_dynamics_sim\simproject\simproject\x64\debug\global_state.obj
d:\development\projects_&_doc\population_dynamics_sim\simproject\simproject\x64\debug\entity.obj
d:\development\projects_&_doc\population_dynamics_sim\simproject\simproject\x64\debug\implot_items.obj
d:\development\projects_&_doc\population_dynamics_sim\simproject\simproject\x64\debug\implot_demo.obj
d:\development\projects_&_doc\population_dynamics_sim\simproject\simproject\x64\debug\implot.obj
d:\development\projects_&_doc\population_dynamics_sim\simproject\simproject\x64\debug\imgui_widgets.obj
d:\development\projects_&_doc\population_dynamics_sim\simproject\simproject\x64\debug\imgui_tables.obj
d:\development\projects_&_doc\population_dynamics_sim\simproject\simproject\x64\debug\imgui_draw.obj
d:\development\projects_&_doc\population_dynamics_sim\simproject\simproject\x64\debug\imgui_demo.obj
d:\development\projects_&_doc\population_dynamics_sim\simproject\simproject\x64\debug\imgui.obj
d:\development\projects_&_doc\population_dynamics_sim\simproject\simproject\x64\debug\imgui_impl_win32.obj
d:\development\projects_&_doc\population_dynamics_sim\simproject\simproject\x64\debug\imgui_impl_sdlrenderer3.obj
d:\development\projects_&_doc\population_dynamics_sim\simproject\simproject\x64\debug\imgui_impl_sdl3.obj
d:\development\projects_&_doc\population_dynamics_sim\simproject\x64\debug\simproject.exe
d:\development\projects_&_doc\population_dynamics_sim\simproject\x64\debug\simproject.pdb
d:\development\projects_&_doc\population_dynamics_sim\simproject\simproject\x64\debug\simproject.ilk
d:\development\projects_&_doc\population_dynamics_sim\simproject\simproject\x64\debug\simproject.tlog\cl.command.1.tlog
d:\development\projects_&_doc\population_dynamics_sim\simproject\simproject\x64\debug\simproject.tlog\cl.items.tlog
d:\development\projects_&_doc\population_dynamics_sim\simproject\simproject\x64\debug\simproject.tlog\cl.read.1.tlog
d:\development\projects_&_doc\population_dynamics_sim\simproject\simproject\x64\debug\simproject.tlog\cl.write.1.tlog
d:\development\projects_&_doc\population_dynamics_sim\simproject\simproject\x64\debug\simproject.tlog\link.command.1.tlog
d:\development\projects_&_doc\population_dynamics_sim\simproject\simproject\x64\debug\simproject.tlog\link.read.1.tlog
d:\development\projects_&_doc\population_dynamics_sim\simproject\simproject\x64\debug\simproject.tlog\link.secondary.1.tlog
d:\development\projects_&_doc\population_dynamics_sim\simproject\simproject\x64\debug\simproject.tlog\link.write.1.tlog
