  imgui_impl_sdl3.cpp
D:\Development\Projects_&_Doc\Population_Dynamics_SIM\SimProject\SimProject\libs\imgui\backends\imgui_impl_sdl3.cpp(66,10): error C1083: Cannot open include file: 'libs/imgui/imgui.h': No such file or directory
  imgui_impl_sdlrenderer3.cpp
D:\Development\Projects_&_Doc\Population_Dynamics_SIM\SimProject\SimProject\libs\imgui\backends\imgui_impl_sdlrenderer3.cpp(36,10): error C1083: Cannot open include file: 'libs/imgui/imgui.h': No such file or directory
  imgui_impl_win32.cpp
D:\Development\Projects_&_Doc\Population_Dynamics_SIM\SimProject\SimProject\libs\imgui\backends\imgui_impl_win32.h(20,10): error C1083: Cannot open include file: 'libs/imgui/imgui.h': No such file or directory
  (compiling source file 'libs/imgui/backends/imgui_impl_win32.cpp')
  
  imgui.cpp
  imgui_demo.cpp
  imgui_draw.cpp
  imgui_tables.cpp
  imgui_widgets.cpp
  implot.cpp
  implot_demo.cpp
  implot_items.cpp
  main.cpp
D:\Development\Projects_&_Doc\Population_Dynamics_SIM\SimProject\SimProject\src\main.cpp(1,10): error C1083: Cannot open include file: 'SDL3/SDL.h': No such file or directory
  timer_manager.cpp
D:\Development\Projects_&_Doc\Population_Dynamics_SIM\SimProject\SimProject\src\timer_manager.cpp(1,10): error C1083: Cannot open include file: 'includes/timer_manager.h': No such file or directory
  u_imgui.cpp
D:\Development\Projects_&_Doc\Population_Dynamics_SIM\SimProject\SimProject\utils\imgui\u_imgui.cpp(1,10): error C1083: Cannot open include file: 'utils/imgui/u_imgui.h': No such file or directory
  u_implot.cpp
D:\Development\Projects_&_Doc\Population_Dynamics_SIM\SimProject\SimProject\libs\imgui\backends\imgui_impl_sdlrenderer3.h(27,10): error C1083: Cannot open include file: 'libs/imgui/imgui.h': No such file or directory
  (compiling source file 'utils/implot/u_implot.cpp')
  
  u_sdl.cpp
D:\Development\Projects_&_Doc\Population_Dynamics_SIM\SimProject\SimProject\utils\sdl\u_sdl.cpp(1,10): error C1083: Cannot open include file: 'utils/sdl/u_sdl.h': No such file or directory
